Archive member included to satisfy reference by file (symbol)

c:/st/stm32cubeide_1.12.1/stm32cubeide/plugins/com.st.stm32cube.ide.mcu.externaltools.gnu-tools-for-stm32.10.3-2021.10.win32_1.0.200.202301161003/tools/bin/../lib/gcc/arm-none-eabi/10.3.1/../../../../arm-none-eabi/lib/thumb/v7e-m+fp/hard\libc_nano.a(lib_a-errno.o)
                              ./Core/Src/syscalls.o (__errno)
c:/st/stm32cubeide_1.12.1/stm32cubeide/plugins/com.st.stm32cube.ide.mcu.externaltools.gnu-tools-for-stm32.10.3-2021.10.win32_1.0.200.202301161003/tools/bin/../lib/gcc/arm-none-eabi/10.3.1/../../../../arm-none-eabi/lib/thumb/v7e-m+fp/hard\libc_nano.a(lib_a-exit.o)
                              c:/st/stm32cubeide_1.12.1/stm32cubeide/plugins/com.st.stm32cube.ide.mcu.externaltools.gnu-tools-for-stm32.10.3-2021.10.win32_1.0.200.202301161003/tools/bin/../lib/gcc/arm-none-eabi/10.3.1/../../../../arm-none-eabi/lib/thumb/v7e-m+fp/hard/crt0.o (exit)
c:/st/stm32cubeide_1.12.1/stm32cubeide/plugins/com.st.stm32cube.ide.mcu.externaltools.gnu-tools-for-stm32.10.3-2021.10.win32_1.0.200.202301161003/tools/bin/../lib/gcc/arm-none-eabi/10.3.1/../../../../arm-none-eabi/lib/thumb/v7e-m+fp/hard\libc_nano.a(lib_a-impure.o)
                              c:/st/stm32cubeide_1.12.1/stm32cubeide/plugins/com.st.stm32cube.ide.mcu.externaltools.gnu-tools-for-stm32.10.3-2021.10.win32_1.0.200.202301161003/tools/bin/../lib/gcc/arm-none-eabi/10.3.1/../../../../arm-none-eabi/lib/thumb/v7e-m+fp/hard\libc_nano.a(lib_a-exit.o) (_global_impure_ptr)
c:/st/stm32cubeide_1.12.1/stm32cubeide/plugins/com.st.stm32cube.ide.mcu.externaltools.gnu-tools-for-stm32.10.3-2021.10.win32_1.0.200.202301161003/tools/bin/../lib/gcc/arm-none-eabi/10.3.1/../../../../arm-none-eabi/lib/thumb/v7e-m+fp/hard\libc_nano.a(lib_a-init.o)
                              c:/st/stm32cubeide_1.12.1/stm32cubeide/plugins/com.st.stm32cube.ide.mcu.externaltools.gnu-tools-for-stm32.10.3-2021.10.win32_1.0.200.202301161003/tools/bin/../lib/gcc/arm-none-eabi/10.3.1/../../../../arm-none-eabi/lib/thumb/v7e-m+fp/hard/crt0.o (__libc_init_array)
c:/st/stm32cubeide_1.12.1/stm32cubeide/plugins/com.st.stm32cube.ide.mcu.externaltools.gnu-tools-for-stm32.10.3-2021.10.win32_1.0.200.202301161003/tools/bin/../lib/gcc/arm-none-eabi/10.3.1/../../../../arm-none-eabi/lib/thumb/v7e-m+fp/hard\libc_nano.a(lib_a-memset.o)
                              c:/st/stm32cubeide_1.12.1/stm32cubeide/plugins/com.st.stm32cube.ide.mcu.externaltools.gnu-tools-for-stm32.10.3-2021.10.win32_1.0.200.202301161003/tools/bin/../lib/gcc/arm-none-eabi/10.3.1/../../../../arm-none-eabi/lib/thumb/v7e-m+fp/hard/crt0.o (memset)
c:/st/stm32cubeide_1.12.1/stm32cubeide/plugins/com.st.stm32cube.ide.mcu.externaltools.gnu-tools-for-stm32.10.3-2021.10.win32_1.0.200.202301161003/tools/bin/../lib/gcc/arm-none-eabi/10.3.1/thumb/v7e-m+fp/hard\libgcc.a(_aeabi_uldivmod.o)
                              ./Drivers/STM32F4xx_HAL_Driver/Src/stm32f4xx_hal_rcc.o (__aeabi_uldivmod)
c:/st/stm32cubeide_1.12.1/stm32cubeide/plugins/com.st.stm32cube.ide.mcu.externaltools.gnu-tools-for-stm32.10.3-2021.10.win32_1.0.200.202301161003/tools/bin/../lib/gcc/arm-none-eabi/10.3.1/thumb/v7e-m+fp/hard\libgcc.a(_udivmoddi4.o)
                              c:/st/stm32cubeide_1.12.1/stm32cubeide/plugins/com.st.stm32cube.ide.mcu.externaltools.gnu-tools-for-stm32.10.3-2021.10.win32_1.0.200.202301161003/tools/bin/../lib/gcc/arm-none-eabi/10.3.1/thumb/v7e-m+fp/hard\libgcc.a(_aeabi_uldivmod.o) (__udivmoddi4)
c:/st/stm32cubeide_1.12.1/stm32cubeide/plugins/com.st.stm32cube.ide.mcu.externaltools.gnu-tools-for-stm32.10.3-2021.10.win32_1.0.200.202301161003/tools/bin/../lib/gcc/arm-none-eabi/10.3.1/thumb/v7e-m+fp/hard\libgcc.a(_dvmd_tls.o)
                              c:/st/stm32cubeide_1.12.1/stm32cubeide/plugins/com.st.stm32cube.ide.mcu.externaltools.gnu-tools-for-stm32.10.3-2021.10.win32_1.0.200.202301161003/tools/bin/../lib/gcc/arm-none-eabi/10.3.1/thumb/v7e-m+fp/hard\libgcc.a(_aeabi_uldivmod.o) (__aeabi_ldiv0)

Discarded input sections

 .text          0x0000000000000000        0x0 c:/st/stm32cubeide_1.12.1/stm32cubeide/plugins/com.st.stm32cube.ide.mcu.externaltools.gnu-tools-for-stm32.10.3-2021.10.win32_1.0.200.202301161003/tools/bin/../lib/gcc/arm-none-eabi/10.3.1/thumb/v7e-m+fp/hard/crti.o
 .data          0x0000000000000000        0x0 c:/st/stm32cubeide_1.12.1/stm32cubeide/plugins/com.st.stm32cube.ide.mcu.externaltools.gnu-tools-for-stm32.10.3-2021.10.win32_1.0.200.202301161003/tools/bin/../lib/gcc/arm-none-eabi/10.3.1/thumb/v7e-m+fp/hard/crti.o
 .bss           0x0000000000000000        0x0 c:/st/stm32cubeide_1.12.1/stm32cubeide/plugins/com.st.stm32cube.ide.mcu.externaltools.gnu-tools-for-stm32.10.3-2021.10.win32_1.0.200.202301161003/tools/bin/../lib/gcc/arm-none-eabi/10.3.1/thumb/v7e-m+fp/hard/crti.o
[...]
Memory Configuration

Name             Origin             Length             Attributes
CCMRAM           0x0000000010000000 0x0000000000010000 xrw
RAM              0x0000000020000000 0x0000000000020000 xrw
FLASH            0x0000000008000000 0x0000000000100000 xr
*default*        0x0000000000000000 0xffffffffffffffff

Linker script and memory map

LOAD c:/st/stm32cubeide_1.12.1/stm32cubeide/plugins/com.st.stm32cube.ide.mcu.externaltools.gnu-tools-for-stm32.10.3-2021.10.win32_1.0.200.202301161003/tools/bin/../lib/gcc/arm-none-eabi/10.3.1/thumb/v7e-m+fp/hard/crti.o
LOAD c:/st/stm32cubeide_1.12.1/stm32cubeide/plugins/com.st.stm32cube.ide.mcu.externaltools.gnu-tools-for-stm32.10.3-2021.10.win32_1.0.200.202301161003/tools/bin/../lib/gcc/arm-none-eabi/10.3.1/thumb/v7e-m+fp/hard/crtbegin.o
LOAD c:/st/stm32cubeide_1.12.1/stm32cubeide/plugins/com.st.stm32cube.ide.mcu.externaltools.gnu-tools-for-stm32.10.3-2021.10.win32_1.0.200.202301161003/tools/bin/../lib/gcc/arm-none-eabi/10.3.1/../../../../arm-none-eabi/lib/thumb/v7e-m+fp/hard/crt0.o
LOAD ./Core/Src/main.o
LOAD ./Core/Src/stm32f4xx_hal_msp.o
LOAD ./Core/Src/stm32f4xx_it.o
LOAD ./Core/Src/syscalls.o
LOAD ./Core/Src/sysmem.o
LOAD ./Core/Src/system_stm32f4xx.o
LOAD ./Core/Startup/startup_stm32f405rgtx.o
LOAD ./Drivers/STM32F4xx_HAL_Driver/Src/stm32f4xx_hal.o
LOAD ./Drivers/STM32F4xx_HAL_Driver/Src/stm32f4xx_hal_adc.o
LOAD ./Drivers/STM32F4xx_HAL_Driver/Src/stm32f4xx_hal_adc_ex.o
LOAD ./Drivers/STM32F4xx_HAL_Driver/Src/stm32f4xx_hal_cortex.o
LOAD ./Drivers/STM32F4xx_HAL_Driver/Src/stm32f4xx_hal_dma.o
LOAD ./Drivers/STM32F4xx_HAL_Driver/Src/stm32f4xx_hal_dma_ex.o
LOAD ./Drivers/STM32F4xx_HAL_Driver/Src/stm32f4xx_hal_exti.o
LOAD ./Drivers/STM32F4xx_HAL_Driver/Src/stm32f4xx_hal_flash.o
LOAD ./Drivers/STM32F4xx_HAL_Driver/Src/stm32f4xx_hal_flash_ex.o
LOAD ./Drivers/STM32F4xx_HAL_Driver/Src/stm32f4xx_hal_flash_ramfunc.o
LOAD ./Drivers/STM32F4xx_HAL_Driver/Src/stm32f4xx_hal_gpio.o
LOAD ./Drivers/STM32F4xx_HAL_Driver/Src/stm32f4xx_hal_i2c.o
LOAD ./Drivers/STM32F4xx_HAL_Driver/Src/stm32f4xx_hal_i2c_ex.o
LOAD ./Drivers/STM32F4xx_HAL_Driver/Src/stm32f4xx_hal_pwr.o
LOAD ./Drivers/STM32F4xx_HAL_Driver/Src/stm32f4xx_hal_pwr_ex.o
LOAD ./Drivers/STM32F4xx_HAL_Driver/Src/stm32f4xx_hal_rcc.o
LOAD ./Drivers/STM32F4xx_HAL_Driver/Src/stm32f4xx_hal_rcc_ex.o
LOAD ./Drivers/STM32F4xx_HAL_Driver/Src/stm32f4xx_hal_spi.o
LOAD ./Drivers/STM32F4xx_HAL_Driver/Src/stm32f4xx_hal_tim.o
LOAD ./Drivers/STM32F4xx_HAL_Driver/Src/stm32f4xx_hal_tim_ex.o
LOAD ./Drivers/STM32F4xx_HAL_Driver/Src/stm32f4xx_hal_uart.o
LOAD ./Drivers/STM32F4xx_HAL_Driver/Src/stm32f4xx_ll_adc.o
START GROUP
LOAD c:/st/stm32cubeide_1.12.1/stm32cubeide/plugins/com.st.stm32cube.ide.mcu.externaltools.gnu-tools-for-stm32.10.3-2021.10.win32_1.0.200.202301161003/tools/bin/../lib/gcc/arm-none-eabi/10.3.1/../../../../arm-none-eabi/lib/thumb/v7e-m+fp/hard\libc_nano.a
LOAD c:/st/stm32cubeide_1.12.1/stm32cubeide/plugins/com.st.stm32cube.ide.mcu.externaltools.gnu-tools-for-stm32.10.3-2021.10.win32_1.0.200.202301161003/tools/bin/../lib/gcc/arm-none-eabi/10.3.1/../../../../arm-none-eabi/lib/thumb/v7e-m+fp/hard\libm.a
END GROUP
START GROUP
LOAD c:/st/stm32cubeide_1.12.1/stm32cubeide/plugins/com.st.stm32cube.ide.mcu.externaltools.gnu-tools-for-stm32.10.3-2021.10.win32_1.0.200.202301161003/tools/bin/../lib/gcc/arm-none-eabi/10.3.1/thumb/v7e-m+fp/hard\libgcc.a
LOAD c:/st/stm32cubeide_1.12.1/stm32cubeide/plugins/com.st.stm32cube.ide.mcu.externaltools.gnu-tools-for-stm32.10.3-2021.10.win32_1.0.200.202301161003/tools/bin/../lib/gcc/arm-none-eabi/10.3.1/../../../../arm-none-eabi/lib/thumb/v7e-m+fp/hard\libc_nano.a
END GROUP
START GROUP
LOAD c:/st/stm32cubeide_1.12.1/stm32cubeide/plugins/com.st.stm32cube.ide.mcu.externaltools.gnu-tools-for-stm32.10.3-2021.10.win32_1.0.200.202301161003/tools/bin/../lib/gcc/arm-none-eabi/10.3.1/thumb/v7e-m+fp/hard\libgcc.a
LOAD c:/st/stm32cubeide_1.12.1/stm32cubeide/plugins/com.st.stm32cube.ide.mcu.externaltools.gnu-tools-for-stm32.10.3-2021.10.win32_1.0.200.202301161003/tools/bin/../lib/gcc/arm-none-eabi/10.3.1/../../../../arm-none-eabi/lib/thumb/v7e-m+fp/hard\libc_nano.a
LOAD c:/st/stm32cubeide_1.12.1/stm32cubeide/plugins/com.st.stm32cube.ide.mcu.externaltools.gnu-tools-for-stm32.10.3-2021.10.win32_1.0.200.202301161003/tools/bin/../lib/gcc/arm-none-eabi/10.3.1/../../../../arm-none-eabi/lib/thumb/v7e-m+fp/hard\libnosys.a
END GROUP
START GROUP
LOAD c:/st/stm32cubeide_1.12.1/stm32cubeide/plugins/com.st.stm32cube.ide.mcu.externaltools.gnu-tools-for-stm32.10.3-2021.10.win32_1.0.200.202301161003/tools/bin/../lib/gcc/arm-none-eabi/10.3.1/thumb/v7e-m+fp/hard\libgcc.a
LOAD c:/st/stm32cubeide_1.12.1/stm32cubeide/plugins/com.st.stm32cube.ide.mcu.externaltools.gnu-tools-for-stm32.10.3-2021.10.win32_1.0.200.202301161003/tools/bin/../lib/gcc/arm-none-eabi/10.3.1/../../../../arm-none-eabi/lib/thumb/v7e-m+fp/hard\libc_nano.a
LOAD c:/st/stm32cubeide_1.12.1/stm32cubeide/plugins/com.st.stm32cube.ide.mcu.externaltools.gnu-tools-for-stm32.10.3-2021.10.win32_1.0.200.202301161003/tools/bin/../lib/gcc/arm-none-eabi/10.3.1/../../../../arm-none-eabi/lib/thumb/v7e-m+fp/hard\libnosys.a
END GROUP
LOAD c:/st/stm32cubeide_1.12.1/stm32cubeide/plugins/com.st.stm32cube.ide.mcu.externaltools.gnu-tools-for-stm32.10.3-2021.10.win32_1.0.200.202301161003/tools/bin/../lib/gcc/arm-none-eabi/10.3.1/thumb/v7e-m+fp/hard/crtend.o
LOAD c:/st/stm32cubeide_1.12.1/stm32cubeide/plugins/com.st.stm32cube.ide.mcu.externaltools.gnu-tools-for-stm32.10.3-2021.10.win32_1.0.200.202301161003/tools/bin/../lib/gcc/arm-none-eabi/10.3.1/thumb/v7e-m+fp/hard/crtn.o
                0x0000000020020000                _estack = (ORIGIN (RAM) + LENGTH (RAM))
                0x0000000000000200                _Min_Heap_Size = 0x200
                0x0000000000000400                _Min_Stack_Size = 0x400

.isr_vector     0x0000000008000000      0x188
                0x0000000008000000                . = ALIGN (0x4)
 *(.isr_vector)
 .isr_vector    0x0000000008000000      0x188 ./Core/Startup/startup_stm32f405rgtx.o
                0x0000000008000000                g_pfnVectors
                0x0000000008000188                . = ALIGN (0x4)

.text           0x0000000008000188     0x42dc
                0x0000000008000188                . = ALIGN (0x4)
 *(.text)
 .text          0x0000000008000188       0x40 c:/st/stm32cubeide_1.12.1/stm32cubeide/plugins/com.st.stm32cube.ide.mcu.externaltools.gnu-tools-for-stm32.10.3-2021.10.win32_1.0.200.202301161003/tools/bin/../lib/gcc/arm-none-eabi/10.3.1/thumb/v7e-m+fp/hard/crtbegin.o
 .text          0x00000000080001c8       0x30 c:/st/stm32cubeide_1.12.1/stm32cubeide/plugins/com.st.stm32cube.ide.mcu.externaltools.gnu-tools-for-stm32.10.3-2021.10.win32_1.0.200.202301161003/tools/bin/../lib/gcc/arm-none-eabi/10.3.1/thumb/v7e-m+fp/hard\libgcc.a(_aeabi_uldivmod.o)
                0x00000000080001c8                __aeabi_uldivmod
 .text          0x00000000080001f8      0x2d0 c:/st/stm32cubeide_1.12.1/stm32cubeide/plugins/com.st.stm32cube.ide.mcu.externaltools.gnu-tools-for-stm32.10.3-2021.10.win32_1.0.200.202301161003/tools/bin/../lib/gcc/arm-none-eabi/10.3.1/thumb/v7e-m+fp/hard\libgcc.a(_udivmoddi4.o)
                0x00000000080001f8                __udivmoddi4
 .text          0x00000000080004c8        0x4 c:/st/stm32cubeide_1.12.1/stm32cubeide/plugins/com.st.stm32cube.ide.mcu.externaltools.gnu-tools-for-stm32.10.3-2021.10.win32_1.0.200.202301161003/tools/bin/../lib/gcc/arm-none-eabi/10.3.1/thumb/v7e-m+fp/hard\libgcc.a(_dvmd_tls.o)
                0x00000000080004c8                __aeabi_idiv0
                0x00000000080004c8                __aeabi_ldiv0
 *(.text*)
 .text.main     0x00000000080004cc       0x70 ./Core/Src/main.o
                0x00000000080004cc                main
 .text.SystemClock_Config
                0x000000000800053c       0xbc ./Core/Src/main.o
                0x000000000800053c                SystemClock_Config
 .text.MX_ADC1_Init
                0x00000000080005f8       0xa4 ./Core/Src/main.o
 .text.MX_ADC3_Init
                0x000000000800069c       0xa4 ./Core/Src/main.o
 .text.MX_I2C2_Init
                0x0000000008000740       0x5c ./Core/Src/main.o
 .text.MX_SPI1_Init
                0x000000000800079c       0x6c ./Core/Src/main.o
 .text.MX_TIM1_Init
                0x0000000008000808      0x158 ./Core/Src/main.o
 .text.MX_TIM3_Init
                0x0000000008000960      0x130 ./Core/Src/main.o
 .text.MX_TIM4_Init
                0x0000000008000a90       0xe8 ./Core/Src/main.o
 .text.MX_TIM5_Init
                0x0000000008000b78       0x9c ./Core/Src/main.o
 .text.MX_TIM8_Init
                0x0000000008000c14      0x140 ./Core/Src/main.o
 .text.MX_TIM9_Init
                0x0000000008000d54       0xc4 ./Core/Src/main.o
 .text.MX_UART4_Init
                0x0000000008000e18       0x54 ./Core/Src/main.o
 .text.MX_GPIO_Init
                0x0000000008000e6c      0x150 ./Core/Src/main.o
 .text.Error_Handler
                0x0000000008000fbc        0xa ./Core/Src/main.o
                0x0000000008000fbc                Error_Handler
 *fill*         0x0000000008000fc6        0x2 
 .text.HAL_MspInit
                0x0000000008000fc8       0x50 ./Core/Src/stm32f4xx_hal_msp.o
                0x0000000008000fc8                HAL_MspInit
 .text.HAL_ADC_MspInit
                0x0000000008001018      0x120 ./Core/Src/stm32f4xx_hal_msp.o
                0x0000000008001018                HAL_ADC_MspInit
 .text.HAL_I2C_MspInit
                0x0000000008001138       0x90 ./Core/Src/stm32f4xx_hal_msp.o
                0x0000000008001138                HAL_I2C_MspInit
 .text.HAL_SPI_MspInit
                0x00000000080011c8       0x90 ./Core/Src/stm32f4xx_hal_msp.o
                0x00000000080011c8                HAL_SPI_MspInit
 .text.HAL_TIM_Base_MspInit
                0x0000000008001258       0xf4 ./Core/Src/stm32f4xx_hal_msp.o
                0x0000000008001258                HAL_TIM_Base_MspInit
 .text.HAL_TIM_IC_MspInit
                0x000000000800134c       0x90 ./Core/Src/stm32f4xx_hal_msp.o
                0x000000000800134c                HAL_TIM_IC_MspInit
 .text.HAL_TIM_MspPostInit
                0x00000000080013dc      0x1dc ./Core/Src/stm32f4xx_hal_msp.o
                0x00000000080013dc                HAL_TIM_MspPostInit
 .text.HAL_UART_MspInit
                0x00000000080015b8       0x90 ./Core/Src/stm32f4xx_hal_msp.o
                0x00000000080015b8                HAL_UART_MspInit
 .text.NMI_Handler
                0x0000000008001648        0x6 ./Core/Src/stm32f4xx_it.o
                0x0000000008001648                NMI_Handler
 .text.HardFault_Handler
                0x000000000800164e        0x6 ./Core/Src/stm32f4xx_it.o
                0x000000000800164e                HardFault_Handler
 .text.MemManage_Handler
                0x0000000008001654        0x6 ./Core/Src/stm32f4xx_it.o
                0x0000000008001654                MemManage_Handler
 .text.BusFault_Handler
                0x000000000800165a        0x6 ./Core/Src/stm32f4xx_it.o
                0x000000000800165a                BusFault_Handler
 .text.UsageFault_Handler
                0x0000000008001660        0x6 ./Core/Src/stm32f4xx_it.o
                0x0000000008001660                UsageFault_Handler
 .text.SVC_Handler
                0x0000000008001666        0xe ./Core/Src/stm32f4xx_it.o
                0x0000000008001666                SVC_Handler
 .text.DebugMon_Handler
                0x0000000008001674        0xe ./Core/Src/stm32f4xx_it.o
                0x0000000008001674                DebugMon_Handler
 .text.PendSV_Handler
                0x0000000008001682        0xe ./Core/Src/stm32f4xx_it.o
                0x0000000008001682                PendSV_Handler
 .text.SysTick_Handler
                0x0000000008001690        0xc ./Core/Src/stm32f4xx_it.o
                0x0000000008001690                SysTick_Handler
 .text.SystemInit
                0x000000000800169c       0x24 ./Core/Src/system_stm32f4xx.o
                0x000000000800169c                SystemInit
 .text.Reset_Handler
                0x00000000080016c0       0x50 ./Core/Startup/startup_stm32f405rgtx.o
                0x00000000080016c0                Reset_Handler
 .text.Default_Handler
                0x0000000008001710        0x2 ./Core/Startup/startup_stm32f405rgtx.o
                0x0000000008001710                RTC_Alarm_IRQHandler
                0x0000000008001710                HASH_RNG_IRQHandler
                0x0000000008001710                EXTI2_IRQHandler
                0x0000000008001710                TIM8_CC_IRQHandler
                0x0000000008001710                TIM1_CC_IRQHandler
                0x0000000008001710                DMA2_Stream5_IRQHandler
                0x0000000008001710                DMA1_Stream5_IRQHandler
                0x0000000008001710                PVD_IRQHandler
                0x0000000008001710                SDIO_IRQHandler
                0x0000000008001710                TAMP_STAMP_IRQHandler
                0x0000000008001710                CAN2_RX1_IRQHandler
                0x0000000008001710                EXTI3_IRQHandler
                0x0000000008001710                TIM8_TRG_COM_TIM14_IRQHandler
                0x0000000008001710                TIM1_UP_TIM10_IRQHandler
                0x0000000008001710                TIM8_UP_TIM13_IRQHandler
                0x0000000008001710                I2C3_ER_IRQHandler
                0x0000000008001710                EXTI0_IRQHandler
                0x0000000008001710                I2C2_EV_IRQHandler
                0x0000000008001710                DMA1_Stream2_IRQHandler
                0x0000000008001710                CAN1_RX0_IRQHandler
                0x0000000008001710                FPU_IRQHandler
                0x0000000008001710                OTG_HS_WKUP_IRQHandler
                0x0000000008001710                CAN2_SCE_IRQHandler
                0x0000000008001710                DMA2_Stream2_IRQHandler
                0x0000000008001710                SPI1_IRQHandler
                0x0000000008001710                TIM6_DAC_IRQHandler
                0x0000000008001710                TIM1_BRK_TIM9_IRQHandler
                0x0000000008001710                CAN2_RX0_IRQHandler
                0x0000000008001710                DMA2_Stream3_IRQHandler
                0x0000000008001710                USART6_IRQHandler
                0x0000000008001710                USART3_IRQHandler
                0x0000000008001710                CAN1_RX1_IRQHandler
                0x0000000008001710                UART5_IRQHandler
                0x0000000008001710                DMA2_Stream0_IRQHandler
                0x0000000008001710                TIM4_IRQHandler
                0x0000000008001710                I2C1_EV_IRQHandler
                0x0000000008001710                DMA1_Stream6_IRQHandler
                0x0000000008001710                DMA1_Stream1_IRQHandler
                0x0000000008001710                UART4_IRQHandler
                0x0000000008001710                TIM3_IRQHandler
                0x0000000008001710                RCC_IRQHandler
                0x0000000008001710                TIM8_BRK_TIM12_IRQHandler
                0x0000000008001710                Default_Handler
                0x0000000008001710                EXTI15_10_IRQHandler
                0x0000000008001710                ADC_IRQHandler
                0x0000000008001710                DMA1_Stream7_IRQHandler
                0x0000000008001710                TIM7_IRQHandler
                0x0000000008001710                CAN2_TX_IRQHandler
                0x0000000008001710                TIM5_IRQHandler
                0x0000000008001710                DMA2_Stream7_IRQHandler
                0x0000000008001710                I2C3_EV_IRQHandler
                0x0000000008001710                EXTI9_5_IRQHandler
                0x0000000008001710                RTC_WKUP_IRQHandler
                0x0000000008001710                SPI2_IRQHandler
                0x0000000008001710                OTG_HS_EP1_IN_IRQHandler
                0x0000000008001710                DMA1_Stream0_IRQHandler
                0x0000000008001710                CAN1_TX_IRQHandler
                0x0000000008001710                EXTI4_IRQHandler
                0x0000000008001710                FSMC_IRQHandler
                0x0000000008001710                OTG_HS_EP1_OUT_IRQHandler
                0x0000000008001710                WWDG_IRQHandler
                0x0000000008001710                TIM2_IRQHandler
                0x0000000008001710                OTG_FS_WKUP_IRQHandler
                0x0000000008001710                TIM1_TRG_COM_TIM11_IRQHandler
                0x0000000008001710                OTG_HS_IRQHandler
                0x0000000008001710                EXTI1_IRQHandler
                0x0000000008001710                USART2_IRQHandler
                0x0000000008001710                I2C2_ER_IRQHandler
                0x0000000008001710                DMA2_Stream1_IRQHandler
                0x0000000008001710                CAN1_SCE_IRQHandler
                0x0000000008001710                FLASH_IRQHandler
                0x0000000008001710                DMA2_Stream4_IRQHandler
                0x0000000008001710                USART1_IRQHandler
                0x0000000008001710                OTG_FS_IRQHandler
                0x0000000008001710                SPI3_IRQHandler
                0x0000000008001710                DMA1_Stream4_IRQHandler
                0x0000000008001710                I2C1_ER_IRQHandler
                0x0000000008001710                DMA2_Stream6_IRQHandler
                0x0000000008001710                DMA1_Stream3_IRQHandler
 *fill*         0x0000000008001712        0x2 
 .text.HAL_Init
                0x0000000008001714       0x44 ./Drivers/STM32F4xx_HAL_Driver/Src/stm32f4xx_hal.o
                0x0000000008001714                HAL_Init
 .text.HAL_InitTick
                0x0000000008001758       0x60 ./Drivers/STM32F4xx_HAL_Driver/Src/stm32f4xx_hal.o
                0x0000000008001758                HAL_InitTick
 .text.HAL_IncTick
                0x00000000080017b8       0x28 ./Drivers/STM32F4xx_HAL_Driver/Src/stm32f4xx_hal.o
                0x00000000080017b8                HAL_IncTick
 .text.HAL_GetTick
                0x00000000080017e0       0x18 ./Drivers/STM32F4xx_HAL_Driver/Src/stm32f4xx_hal.o
                0x00000000080017e0                HAL_GetTick
 .text.HAL_ADC_Init
                0x00000000080017f8       0x86 ./Drivers/STM32F4xx_HAL_Driver/Src/stm32f4xx_hal_adc.o
                0x00000000080017f8                HAL_ADC_Init
 *fill*         0x000000000800187e        0x2 
 .text.HAL_ADC_ConfigChannel
                0x0000000008001880      0x244 ./Drivers/STM32F4xx_HAL_Driver/Src/stm32f4xx_hal_adc.o
                0x0000000008001880                HAL_ADC_ConfigChannel
 .text.ADC_Init
                0x0000000008001ac4      0x1f8 ./Drivers/STM32F4xx_HAL_Driver/Src/stm32f4xx_hal_adc.o
 .text.__NVIC_SetPriorityGrouping
                0x0000000008001cbc       0x48 ./Drivers/STM32F4xx_HAL_Driver/Src/stm32f4xx_hal_cortex.o
 .text.__NVIC_GetPriorityGrouping
                0x0000000008001d04       0x1c ./Drivers/STM32F4xx_HAL_Driver/Src/stm32f4xx_hal_cortex.o
 .text.__NVIC_SetPriority
                0x0000000008001d20       0x54 ./Drivers/STM32F4xx_HAL_Driver/Src/stm32f4xx_hal_cortex.o
 .text.NVIC_EncodePriority
                0x0000000008001d74       0x66 ./Drivers/STM32F4xx_HAL_Driver/Src/stm32f4xx_hal_cortex.o
 *fill*         0x0000000008001dda        0x2 
 .text.SysTick_Config
                0x0000000008001ddc       0x44 ./Drivers/STM32F4xx_HAL_Driver/Src/stm32f4xx_hal_cortex.o
 .text.HAL_NVIC_SetPriorityGrouping
                0x0000000008001e20       0x16 ./Drivers/STM32F4xx_HAL_Driver/Src/stm32f4xx_hal_cortex.o
                0x0000000008001e20                HAL_NVIC_SetPriorityGrouping
 .text.HAL_NVIC_SetPriority
                0x0000000008001e36       0x38 ./Drivers/STM32F4xx_HAL_Driver/Src/stm32f4xx_hal_cortex.o
                0x0000000008001e36                HAL_NVIC_SetPriority
 .text.HAL_SYSTICK_Config
                0x0000000008001e6e       0x18 ./Drivers/STM32F4xx_HAL_Driver/Src/stm32f4xx_hal_cortex.o
                0x0000000008001e6e                HAL_SYSTICK_Config
 *fill*         0x0000000008001e86        0x2 
 .text.HAL_GPIO_Init
                0x0000000008001e88      0x338 ./Drivers/STM32F4xx_HAL_Driver/Src/stm32f4xx_hal_gpio.o
                0x0000000008001e88                HAL_GPIO_Init
 .text.HAL_GPIO_WritePin
                0x00000000080021c0       0x32 ./Drivers/STM32F4xx_HAL_Driver/Src/stm32f4xx_hal_gpio.o
                0x00000000080021c0                HAL_GPIO_WritePin
 .text.HAL_GPIO_TogglePin
                0x00000000080021f2       0x34 ./Drivers/STM32F4xx_HAL_Driver/Src/stm32f4xx_hal_gpio.o
                0x00000000080021f2                HAL_GPIO_TogglePin
 *fill*         0x0000000008002226        0x2 
 .text.HAL_I2C_Init
                0x0000000008002228      0x288 ./Drivers/STM32F4xx_HAL_Driver/Src/stm32f4xx_hal_i2c.o
                0x0000000008002228                HAL_I2C_Init
 .text.HAL_RCC_OscConfig
                0x00000000080024b0      0x4f0 ./Drivers/STM32F4xx_HAL_Driver/Src/stm32f4xx_hal_rcc.o
                0x00000000080024b0                HAL_RCC_OscConfig
 .text.HAL_RCC_ClockConfig
                0x00000000080029a0      0x1cc ./Drivers/STM32F4xx_HAL_Driver/Src/stm32f4xx_hal_rcc.o
                0x00000000080029a0                HAL_RCC_ClockConfig
 .text.HAL_RCC_GetSysClockFreq
                0x0000000008002b6c      0x18c ./Drivers/STM32F4xx_HAL_Driver/Src/stm32f4xx_hal_rcc.o
                0x0000000008002b6c                HAL_RCC_GetSysClockFreq
 .text.HAL_RCC_GetHCLKFreq
                0x0000000008002cf8       0x18 ./Drivers/STM32F4xx_HAL_Driver/Src/stm32f4xx_hal_rcc.o
                0x0000000008002cf8                HAL_RCC_GetHCLKFreq
 .text.HAL_RCC_GetPCLK1Freq
                0x0000000008002d10       0x28 ./Drivers/STM32F4xx_HAL_Driver/Src/stm32f4xx_hal_rcc.o
                0x0000000008002d10                HAL_RCC_GetPCLK1Freq
 .text.HAL_RCC_GetPCLK2Freq
                0x0000000008002d38       0x28 ./Drivers/STM32F4xx_HAL_Driver/Src/stm32f4xx_hal_rcc.o
                0x0000000008002d38                HAL_RCC_GetPCLK2Freq
 .text.HAL_SPI_Init
                0x0000000008002d60      0x112 ./Drivers/STM32F4xx_HAL_Driver/Src/stm32f4xx_hal_spi.o
                0x0000000008002d60                HAL_SPI_Init
 .text.HAL_TIM_Base_Init
                0x0000000008002e72       0x9e ./Drivers/STM32F4xx_HAL_Driver/Src/stm32f4xx_hal_tim.o
                0x0000000008002e72                HAL_TIM_Base_Init
 .text.HAL_TIM_PWM_Init
                0x0000000008002f10       0x9e ./Drivers/STM32F4xx_HAL_Driver/Src/stm32f4xx_hal_tim.o
                0x0000000008002f10                HAL_TIM_PWM_Init
 .text.HAL_TIM_PWM_MspInit
                0x0000000008002fae       0x14 ./Drivers/STM32F4xx_HAL_Driver/Src/stm32f4xx_hal_tim.o
                0x0000000008002fae                HAL_TIM_PWM_MspInit
 .text.HAL_TIM_IC_Init
                0x0000000008002fc2       0x9e ./Drivers/STM32F4xx_HAL_Driver/Src/stm32f4xx_hal_tim.o
                0x0000000008002fc2                HAL_TIM_IC_Init
 .text.HAL_TIM_IC_ConfigChannel
                0x0000000008003060      0x138 ./Drivers/STM32F4xx_HAL_Driver/Src/stm32f4xx_hal_tim.o
                0x0000000008003060                HAL_TIM_IC_ConfigChannel
 .text.HAL_TIM_PWM_ConfigChannel
                0x0000000008003198      0x184 ./Drivers/STM32F4xx_HAL_Driver/Src/stm32f4xx_hal_tim.o
                0x0000000008003198                HAL_TIM_PWM_ConfigChannel
 .text.HAL_TIM_ConfigClockSource
                0x000000000800331c      0x18e ./Drivers/STM32F4xx_HAL_Driver/Src/stm32f4xx_hal_tim.o
                0x000000000800331c                HAL_TIM_ConfigClockSource
 *fill*         0x00000000080034aa        0x2 
 .text.TIM_Base_SetConfig
                0x00000000080034ac      0x140 ./Drivers/STM32F4xx_HAL_Driver/Src/stm32f4xx_hal_tim.o
                0x00000000080034ac                TIM_Base_SetConfig
 .text.TIM_OC1_SetConfig
                0x00000000080035ec       0xe0 ./Drivers/STM32F4xx_HAL_Driver/Src/stm32f4xx_hal_tim.o
 .text.TIM_OC2_SetConfig
                0x00000000080036cc       0xec ./Drivers/STM32F4xx_HAL_Driver/Src/stm32f4xx_hal_tim.o
                0x00000000080036cc                TIM_OC2_SetConfig
 .text.TIM_OC3_SetConfig
                0x00000000080037b8       0xe8 ./Drivers/STM32F4xx_HAL_Driver/Src/stm32f4xx_hal_tim.o
 .text.TIM_OC4_SetConfig
                0x00000000080038a0       0xac ./Drivers/STM32F4xx_HAL_Driver/Src/stm32f4xx_hal_tim.o
 .text.TIM_TI1_SetConfig
                0x000000000800394c       0xe8 ./Drivers/STM32F4xx_HAL_Driver/Src/stm32f4xx_hal_tim.o
                0x000000000800394c                TIM_TI1_SetConfig
 .text.TIM_TI1_ConfigInputStage
                0x0000000008003a34       0x5e ./Drivers/STM32F4xx_HAL_Driver/Src/stm32f4xx_hal_tim.o
 .text.TIM_TI2_SetConfig
                0x0000000008003a92       0x7a ./Drivers/STM32F4xx_HAL_Driver/Src/stm32f4xx_hal_tim.o
 .text.TIM_TI2_ConfigInputStage
                0x0000000008003b0c       0x60 ./Drivers/STM32F4xx_HAL_Driver/Src/stm32f4xx_hal_tim.o
 .text.TIM_TI3_SetConfig
                0x0000000008003b6c       0x78 ./Drivers/STM32F4xx_HAL_Driver/Src/stm32f4xx_hal_tim.o
 .text.TIM_TI4_SetConfig
                0x0000000008003be4       0x7a ./Drivers/STM32F4xx_HAL_Driver/Src/stm32f4xx_hal_tim.o
 .text.TIM_ITRx_SetConfig
                0x0000000008003c5e       0x36 ./Drivers/STM32F4xx_HAL_Driver/Src/stm32f4xx_hal_tim.o
 .text.TIM_ETR_SetConfig
                0x0000000008003c94       0x40 ./Drivers/STM32F4xx_HAL_Driver/Src/stm32f4xx_hal_tim.o
                0x0000000008003c94                TIM_ETR_SetConfig
 .text.HAL_TIMEx_MasterConfigSynchronization
                0x0000000008003cd4       0xf8 ./Drivers/STM32F4xx_HAL_Driver/Src/stm32f4xx_hal_tim_ex.o
                0x0000000008003cd4                HAL_TIMEx_MasterConfigSynchronization
 .text.HAL_TIMEx_ConfigBreakDeadTime
                0x0000000008003dcc       0xa4 ./Drivers/STM32F4xx_HAL_Driver/Src/stm32f4xx_hal_tim_ex.o
                0x0000000008003dcc                HAL_TIMEx_ConfigBreakDeadTime
 .text.HAL_UART_Init
                0x0000000008003e70       0x9a ./Drivers/STM32F4xx_HAL_Driver/Src/stm32f4xx_hal_uart.o
                0x0000000008003e70                HAL_UART_Init
 *fill*         0x0000000008003f0a        0x2 
 .text.UART_SetConfig
                0x0000000008003f0c      0x4e8 ./Drivers/STM32F4xx_HAL_Driver/Src/stm32f4xx_hal_uart.o
 .text.__libc_init_array
                0x00000000080043f4       0x48 c:/st/stm32cubeide_1.12.1/stm32cubeide/plugins/com.st.stm32cube.ide.mcu.externaltools.gnu-tools-for-stm32.10.3-2021.10.win32_1.0.200.202301161003/tools/bin/../lib/gcc/arm-none-eabi/10.3.1/../../../../arm-none-eabi/lib/thumb/v7e-m+fp/hard\libc_nano.a(lib_a-init.o)
                0x00000000080043f4                __libc_init_array
 .text.memset   0x000000000800443c       0x10 c:/st/stm32cubeide_1.12.1/stm32cubeide/plugins/com.st.stm32cube.ide.mcu.externaltools.gnu-tools-for-stm32.10.3-2021.10.win32_1.0.200.202301161003/tools/bin/../lib/gcc/arm-none-eabi/10.3.1/../../../../arm-none-eabi/lib/thumb/v7e-m+fp/hard\libc_nano.a(lib_a-memset.o)
                0x000000000800443c                memset
 *(.glue_7)
 .glue_7        0x000000000800444c        0x0 linker stubs
 *(.glue_7t)
 .glue_7t       0x000000000800444c        0x0 linker stubs
 *(.eh_frame)
 .eh_frame      0x000000000800444c        0x0 c:/st/stm32cubeide_1.12.1/stm32cubeide/plugins/com.st.stm32cube.ide.mcu.externaltools.gnu-tools-for-stm32.10.3-2021.10.win32_1.0.200.202301161003/tools/bin/../lib/gcc/arm-none-eabi/10.3.1/thumb/v7e-m+fp/hard/crtbegin.o
 *(.init)
 .init          0x000000000800444c        0x4 c:/st/stm32cubeide_1.12.1/stm32cubeide/plugins/com.st.stm32cube.ide.mcu.externaltools.gnu-tools-for-stm32.10.3-2021.10.win32_1.0.200.202301161003/tools/bin/../lib/gcc/arm-none-eabi/10.3.1/thumb/v7e-m+fp/hard/crti.o
                0x000000000800444c                _init
 .init          0x0000000008004450        0x8 c:/st/stm32cubeide_1.12.1/stm32cubeide/plugins/com.st.stm32cube.ide.mcu.externaltools.gnu-tools-for-stm32.10.3-2021.10.win32_1.0.200.202301161003/tools/bin/../lib/gcc/arm-none-eabi/10.3.1/thumb/v7e-m+fp/hard/crtn.o
 *(.fini)
 .fini          0x0000000008004458        0x4 c:/st/stm32cubeide_1.12.1/stm32cubeide/plugins/com.st.stm32cube.ide.mcu.externaltools.gnu-tools-for-stm32.10.3-2021.10.win32_1.0.200.202301161003/tools/bin/../lib/gcc/arm-none-eabi/10.3.1/thumb/v7e-m+fp/hard/crti.o
                0x0000000008004458                _fini
 .fini          0x000000000800445c        0x8 c:/st/stm32cubeide_1.12.1/stm32cubeide/plugins/com.st.stm32cube.ide.mcu.externaltools.gnu-tools-for-stm32.10.3-2021.10.win32_1.0.200.202301161003/tools/bin/../lib/gcc/arm-none-eabi/10.3.1/thumb/v7e-m+fp/hard/crtn.o
                0x0000000008004464                . = ALIGN (0x4)
                0x0000000008004464                _etext = .

.vfp11_veneer   0x0000000008004464        0x0
 .vfp11_veneer  0x0000000008004464        0x0 linker stubs

.v4_bx          0x0000000008004464        0x0
 .v4_bx         0x0000000008004464        0x0 linker stubs

.iplt           0x0000000008004464        0x0
 .iplt          0x0000000008004464        0x0 c:/st/stm32cubeide_1.12.1/stm32cubeide/plugins/com.st.stm32cube.ide.mcu.externaltools.gnu-tools-for-stm32.10.3-2021.10.win32_1.0.200.202301161003/tools/bin/../lib/gcc/arm-none-eabi/10.3.1/thumb/v7e-m+fp/hard/crtbegin.o

.rodata         0x0000000008004464       0x18
                0x0000000008004464                . = ALIGN (0x4)
 *(.rodata)
 *(.rodata*)
 .rodata.AHBPrescTable
                0x0000000008004464       0x10 ./Core/Src/system_stm32f4xx.o
                0x0000000008004464                AHBPrescTable
 .rodata.APBPrescTable
                0x0000000008004474        0x8 ./Core/Src/system_stm32f4xx.o
                0x0000000008004474                APBPrescTable
                0x000000000800447c                . = ALIGN (0x4)

.ARM.extab      0x000000000800447c        0x0
                0x000000000800447c                . = ALIGN (0x4)
 *(.ARM.extab* .gnu.linkonce.armextab.*)
                0x000000000800447c                . = ALIGN (0x4)

.ARM            0x000000000800447c        0x8
                0x000000000800447c                . = ALIGN (0x4)
                0x000000000800447c                __exidx_start = .
 *(.ARM.exidx*)
 .ARM.exidx     0x000000000800447c        0x8 c:/st/stm32cubeide_1.12.1/stm32cubeide/plugins/com.st.stm32cube.ide.mcu.externaltools.gnu-tools-for-stm32.10.3-2021.10.win32_1.0.200.202301161003/tools/bin/../lib/gcc/arm-none-eabi/10.3.1/thumb/v7e-m+fp/hard\libgcc.a(_udivmoddi4.o)
                0x0000000008004484                __exidx_end = .
                0x0000000008004484                . = ALIGN (0x4)

.rel.dyn        0x0000000008004484        0x0
 .rel.iplt      0x0000000008004484        0x0 c:/st/stm32cubeide_1.12.1/stm32cubeide/plugins/com.st.stm32cube.ide.mcu.externaltools.gnu-tools-for-stm32.10.3-2021.10.win32_1.0.200.202301161003/tools/bin/../lib/gcc/arm-none-eabi/10.3.1/thumb/v7e-m+fp/hard/crtbegin.o

.preinit_array  0x0000000008004484        0x0
                0x0000000008004484                . = ALIGN (0x4)
                0x0000000008004484                PROVIDE (__preinit_array_start = .)
 *(.preinit_array*)
                0x0000000008004484                PROVIDE (__preinit_array_end = .)
                0x0000000008004484                . = ALIGN (0x4)

.init_array     0x0000000008004484        0x4
                0x0000000008004484                . = ALIGN (0x4)
                0x0000000008004484                PROVIDE (__init_array_start = .)
 *(SORT_BY_NAME(.init_array.*))
 *(.init_array*)
 .init_array    0x0000000008004484        0x4 c:/st/stm32cubeide_1.12.1/stm32cubeide/plugins/com.st.stm32cube.ide.mcu.externaltools.gnu-tools-for-stm32.10.3-2021.10.win32_1.0.200.202301161003/tools/bin/../lib/gcc/arm-none-eabi/10.3.1/thumb/v7e-m+fp/hard/crtbegin.o
                0x0000000008004488                PROVIDE (__init_array_end = .)
                0x0000000008004488                . = ALIGN (0x4)

.fini_array     0x0000000008004488        0x4
                0x0000000008004488                . = ALIGN (0x4)
                [!provide]                        PROVIDE (__fini_array_start = .)
 *(SORT_BY_NAME(.fini_array.*))
 *(.fini_array*)
 .fini_array    0x0000000008004488        0x4 c:/st/stm32cubeide_1.12.1/stm32cubeide/plugins/com.st.stm32cube.ide.mcu.externaltools.gnu-tools-for-stm32.10.3-2021.10.win32_1.0.200.202301161003/tools/bin/../lib/gcc/arm-none-eabi/10.3.1/thumb/v7e-m+fp/hard/crtbegin.o
                [!provide]                        PROVIDE (__fini_array_end = .)
                0x000000000800448c                . = ALIGN (0x4)
                0x000000000800448c                _sidata = LOADADDR (.data)

.data           0x0000000020000000        0xc load address 0x000000000800448c
                0x0000000020000000                . = ALIGN (0x4)
                0x0000000020000000                _sdata = .
 *(.data)
 *(.data*)
 .data.SystemCoreClock
                0x0000000020000000        0x4 ./Core/Src/system_stm32f4xx.o
                0x0000000020000000                SystemCoreClock
 .data.uwTickPrio
                0x0000000020000004        0x4 ./Drivers/STM32F4xx_HAL_Driver/Src/stm32f4xx_hal.o
                0x0000000020000004                uwTickPrio
 .data.uwTickFreq
                0x0000000020000008        0x1 ./Drivers/STM32F4xx_HAL_Driver/Src/stm32f4xx_hal.o
                0x0000000020000008                uwTickFreq
 *(.RamFunc)
 *(.RamFunc*)
                0x000000002000000c                . = ALIGN (0x4)
 *fill*         0x0000000020000009        0x3 
                0x000000002000000c                _edata = .
                0x0000000008004498                _siccmram = LOADADDR (.ccmram)

.igot.plt       0x000000002000000c        0x0 load address 0x0000000008004498
 .igot.plt      0x000000002000000c        0x0 c:/st/stm32cubeide_1.12.1/stm32cubeide/plugins/com.st.stm32cube.ide.mcu.externaltools.gnu-tools-for-stm32.10.3-2021.10.win32_1.0.200.202301161003/tools/bin/../lib/gcc/arm-none-eabi/10.3.1/thumb/v7e-m+fp/hard/crtbegin.o

.ccmram         0x0000000010000000        0x0 load address 0x0000000008004498
                0x0000000010000000                . = ALIGN (0x4)
                0x0000000010000000                _sccmram = .
 *(.ccmram)
 *(.ccmram*)
                0x0000000010000000                . = ALIGN (0x4)
                0x0000000010000000                _eccmram = .
                0x0000000010000000                . = ALIGN (0x4)

.bss            0x000000002000000c      0x350
                0x000000002000000c                _sbss = .
                0x000000002000000c                __bss_start__ = _sbss
 *(.bss)
 .bss           0x000000002000000c       0x1c c:/st/stm32cubeide_1.12.1/stm32cubeide/plugins/com.st.stm32cube.ide.mcu.externaltools.gnu-tools-for-stm32.10.3-2021.10.win32_1.0.200.202301161003/tools/bin/../lib/gcc/arm-none-eabi/10.3.1/thumb/v7e-m+fp/hard/crtbegin.o
 *(.bss*)
 .bss.hadc1     0x0000000020000028       0x48 ./Core/Src/main.o
                0x0000000020000028                hadc1
 .bss.hadc3     0x0000000020000070       0x48 ./Core/Src/main.o
                0x0000000020000070                hadc3
 .bss.hi2c2     0x00000000200000b8       0x54 ./Core/Src/main.o
                0x00000000200000b8                hi2c2
 .bss.hspi1     0x000000002000010c       0x58 ./Core/Src/main.o
                0x000000002000010c                hspi1
 .bss.htim1     0x0000000020000164       0x48 ./Core/Src/main.o
                0x0000000020000164                htim1
 .bss.htim3     0x00000000200001ac       0x48 ./Core/Src/main.o
                0x00000000200001ac                htim3
 .bss.htim4     0x00000000200001f4       0x48 ./Core/Src/main.o
                0x00000000200001f4                htim4
 .bss.htim5     0x000000002000023c       0x48 ./Core/Src/main.o
                0x000000002000023c                htim5
 .bss.htim8     0x0000000020000284       0x48 ./Core/Src/main.o
                0x0000000020000284                htim8
 .bss.htim9     0x00000000200002cc       0x48 ./Core/Src/main.o
                0x00000000200002cc                htim9
 .bss.huart4    0x0000000020000314       0x44 ./Core/Src/main.o
                0x0000000020000314                huart4
 .bss.uwTick    0x0000000020000358        0x4 ./Drivers/STM32F4xx_HAL_Driver/Src/stm32f4xx_hal.o
                0x0000000020000358                uwTick
 *(COMMON)
                0x000000002000035c                . = ALIGN (0x4)
                0x000000002000035c                _ebss = .
                0x000000002000035c                __bss_end__ = _ebss

._user_heap_stack
                0x000000002000035c      0x604
                0x0000000020000360                . = ALIGN (0x8)
 *fill*         0x000000002000035c        0x4 
                [!provide]                        PROVIDE (end = .)
                0x0000000020000360                PROVIDE (_end = .)
                0x0000000020000560                . = (. + _Min_Heap_Size)
 *fill*         0x0000000020000360      0x200 
                0x0000000020000960                . = (. + _Min_Stack_Size)
 *fill*         0x0000000020000560      0x400 
                0x0000000020000960                . = ALIGN (0x8)

/DISCARD/
 libc.a(*)
 libm.a(*)
 libgcc.a(*)

.ARM.attributes
                0x0000000000000000       0x30
 *(.ARM.attributes)
 .ARM.attributes
                0x0000000000000000       0x1e c:/st/stm32cubeide_1.12.1/stm32cubeide/plugins/com.st.stm32cube.ide.mcu.externaltools.gnu-tools-for-stm32.10.3-2021.10.win32_1.0.200.202301161003/tools/bin/../lib/gcc/arm-none-eabi/10.3.1/thumb/v7e-m+fp/hard/crti.o
 .ARM.attributes
                0x000000000000001e       0x34 c:/st/stm32cubeide_1.12.1/stm32cubeide/plugins/com.st.stm32cube.ide.mcu.externaltools.gnu-tools-for-stm32.10.3-2021.10.win32_1.0.200.202301161003/tools/bin/../lib/gcc/arm-none-eabi/10.3.1/thumb/v7e-m+fp/hard/crtbegin.o
 .ARM.attributes
                0x0000000000000052       0x34 ./Core/Src/main.o
 .ARM.attributes
                0x0000000000000086       0x34 ./Core/Src/stm32f4xx_hal_msp.o
 .ARM.attributes
                0x00000000000000ba       0x34 ./Core/Src/stm32f4xx_it.o
 .ARM.attributes
                0x00000000000000ee       0x34 ./Core/Src/system_stm32f4xx.o
 .ARM.attributes
                0x0000000000000122       0x21 ./Core/Startup/startup_stm32f405rgtx.o
 .ARM.attributes
                0x0000000000000143       0x34 ./Drivers/STM32F4xx_HAL_Driver/Src/stm32f4xx_hal.o
 .ARM.attributes
                0x0000000000000177       0x34 ./Drivers/STM32F4xx_HAL_Driver/Src/stm32f4xx_hal_adc.o
 .ARM.attributes
                0x00000000000001ab       0x34 ./Drivers/STM32F4xx_HAL_Driver/Src/stm32f4xx_hal_cortex.o
 .ARM.attributes
                0x00000000000001df       0x34 ./Drivers/STM32F4xx_HAL_Driver/Src/stm32f4xx_hal_gpio.o
 .ARM.attributes
                0x0000000000000213       0x34 ./Drivers/STM32F4xx_HAL_Driver/Src/stm32f4xx_hal_i2c.o
 .ARM.attributes
                0x0000000000000247       0x34 ./Drivers/STM32F4xx_HAL_Driver/Src/stm32f4xx_hal_rcc.o
 .ARM.attributes
                0x000000000000027b       0x34 ./Drivers/STM32F4xx_HAL_Driver/Src/stm32f4xx_hal_spi.o
 .ARM.attributes
                0x00000000000002af       0x34 ./Drivers/STM32F4xx_HAL_Driver/Src/stm32f4xx_hal_tim.o
 .ARM.attributes
                0x00000000000002e3       0x34 ./Drivers/STM32F4xx_HAL_Driver/Src/stm32f4xx_hal_tim_ex.o
 .ARM.attributes
                0x0000000000000317       0x34 ./Drivers/STM32F4xx_HAL_Driver/Src/stm32f4xx_hal_uart.o
 .ARM.attributes
                0x000000000000034b       0x34 c:/st/stm32cubeide_1.12.1/stm32cubeide/plugins/com.st.stm32cube.ide.mcu.externaltools.gnu-tools-for-stm32.10.3-2021.10.win32_1.0.200.202301161003/tools/bin/../lib/gcc/arm-none-eabi/10.3.1/../../../../arm-none-eabi/lib/thumb/v7e-m+fp/hard\libc_nano.a(lib_a-init.o)
 .ARM.attributes
                0x000000000000037f       0x34 c:/st/stm32cubeide_1.12.1/stm32cubeide/plugins/com.st.stm32cube.ide.mcu.externaltools.gnu-tools-for-stm32.10.3-2021.10.win32_1.0.200.202301161003/tools/bin/../lib/gcc/arm-none-eabi/10.3.1/../../../../arm-none-eabi/lib/thumb/v7e-m+fp/hard\libc_nano.a(lib_a-memset.o)
 .ARM.attributes
                0x00000000000003b3       0x1e c:/st/stm32cubeide_1.12.1/stm32cubeide/plugins/com.st.stm32cube.ide.mcu.externaltools.gnu-tools-for-stm32.10.3-2021.10.win32_1.0.200.202301161003/tools/bin/../lib/gcc/arm-none-eabi/10.3.1/thumb/v7e-m+fp/hard\libgcc.a(_aeabi_uldivmod.o)
 .ARM.attributes
                0x00000000000003d1       0x34 c:/st/stm32cubeide_1.12.1/stm32cubeide/plugins/com.st.stm32cube.ide.mcu.externaltools.gnu-tools-for-stm32.10.3-2021.10.win32_1.0.200.202301161003/tools/bin/../lib/gcc/arm-none-eabi/10.3.1/thumb/v7e-m+fp/hard\libgcc.a(_udivmoddi4.o)
 .ARM.attributes
                0x0000000000000405       0x1e c:/st/stm32cubeide_1.12.1/stm32cubeide/plugins/com.st.stm32cube.ide.mcu.externaltools.gnu-tools-for-stm32.10.3-2021.10.win32_1.0.200.202301161003/tools/bin/../lib/gcc/arm-none-eabi/10.3.1/thumb/v7e-m+fp/hard\libgcc.a(_dvmd_tls.o)
 .ARM.attributes
                0x0000000000000423       0x1e c:/st/stm32cubeide_1.12.1/stm32cubeide/plugins/com.st.stm32cube.ide.mcu.externaltools.gnu-tools-for-stm32.10.3-2021.10.win32_1.0.200.202301161003/tools/bin/../lib/gcc/arm-none-eabi/10.3.1/thumb/v7e-m+fp/hard/crtn.o
OUTPUT(Micromouse.elf elf32-littlearm)
LOAD linker stubs
LOAD c:/st/stm32cubeide_1.12.1/stm32cubeide/plugins/com.st.stm32cube.ide.mcu.externaltools.gnu-tools-for-stm32.10.3-2021.10.win32_1.0.200.202301161003/tools/bin/../lib/gcc/arm-none-eabi/10.3.1/../../../../arm-none-eabi/lib/thumb/v7e-m+fp/hard\libc.a
LOAD c:/st/stm32cubeide_1.12.1/stm32cubeide/plugins/com.st.stm32cube.ide.mcu.externaltools.gnu-tools-for-stm32.10.3-2021.10.win32_1.0.200.202301161003/tools/bin/../lib/gcc/arm-none-eabi/10.3.1/../../../../arm-none-eabi/lib/thumb/v7e-m+fp/hard\libm.a
LOAD c:/st/stm32cubeide_1.12.1/stm32cubeide/plugins/com.st.stm32cube.ide.mcu.externaltools.gnu-tools-for-stm32.10.3-2021.10.win32_1.0.200.202301161003/tools/bin/../lib/gcc/arm-none-eabi/10.3.1/thumb/v7e-m+fp/hard\libgcc.a

.debug_info     0x0000000000000000    0x12342
 .debug_info    0x0000000000000000     0x1d9c ./Core/Src/main.o
 .debug_info    0x0000000000001d9c     0x18d2 ./Core/Src/stm32f4xx_hal_msp.o
 .debug_info    0x000000000000366e      0x121 ./Core/Src/stm32f4xx_it.o
 .debug_info    0x000000000000378f      0x523 ./Core/Src/system_stm32f4xx.o
 .debug_info    0x0000000000003cb2       0x22 ./Core/Startup/startup_stm32f405rgtx.o
 .debug_info    0x0000000000003cd4      0x96a ./Drivers/STM32F4xx_HAL_Driver/Src/stm32f4xx_hal.o
 .debug_info    0x000000000000463e      0xd70 ./Drivers/STM32F4xx_HAL_Driver/Src/stm32f4xx_hal_adc.o
 .debug_info    0x00000000000053ae      0xe09 ./Drivers/STM32F4xx_HAL_Driver/Src/stm32f4xx_hal_cortex.o
 .debug_info    0x00000000000061b7      0x76a ./Drivers/STM32F4xx_HAL_Driver/Src/stm32f4xx_hal_gpio.o
 .debug_info    0x0000000000006921     0x2609 ./Drivers/STM32F4xx_HAL_Driver/Src/stm32f4xx_hal_i2c.o
 .debug_info    0x0000000000008f2a      0x966 ./Drivers/STM32F4xx_HAL_Driver/Src/stm32f4xx_hal_rcc.o
 .debug_info    0x0000000000009890     0x1758 ./Drivers/STM32F4xx_HAL_Driver/Src/stm32f4xx_hal_spi.o
 .debug_info    0x000000000000afe8     0x2bbe ./Drivers/STM32F4xx_HAL_Driver/Src/stm32f4xx_hal_tim.o
 .debug_info    0x000000000000dba6     0x15e0 ./Drivers/STM32F4xx_HAL_Driver/Src/stm32f4xx_hal_tim_ex.o
 .debug_info    0x000000000000f186     0x31bc ./Drivers/STM32F4xx_HAL_Driver/Src/stm32f4xx_hal_uart.o

.debug_abbrev   0x0000000000000000     0x1eaf
 .debug_abbrev  0x0000000000000000      0x27b ./Core/Src/main.o
 .debug_abbrev  0x000000000000027b      0x208 ./Core/Src/stm32f4xx_hal_msp.o
 .debug_abbrev  0x0000000000000483       0x74 ./Core/Src/stm32f4xx_it.o
 .debug_abbrev  0x00000000000004f7      0x116 ./Core/Src/system_stm32f4xx.o
 .debug_abbrev  0x000000000000060d       0x12 ./Core/Startup/startup_stm32f405rgtx.o
 .debug_abbrev  0x000000000000061f      0x20d ./Drivers/STM32F4xx_HAL_Driver/Src/stm32f4xx_hal.o
 .debug_abbrev  0x000000000000082c      0x244 ./Drivers/STM32F4xx_HAL_Driver/Src/stm32f4xx_hal_adc.o
 .debug_abbrev  0x0000000000000a70      0x316 ./Drivers/STM32F4xx_HAL_Driver/Src/stm32f4xx_hal_cortex.o
 .debug_abbrev  0x0000000000000d86      0x1c4 ./Drivers/STM32F4xx_HAL_Driver/Src/stm32f4xx_hal_gpio.o
 .debug_abbrev  0x0000000000000f4a      0x297 ./Drivers/STM32F4xx_HAL_Driver/Src/stm32f4xx_hal_i2c.o
 .debug_abbrev  0x00000000000011e1      0x2aa ./Drivers/STM32F4xx_HAL_Driver/Src/stm32f4xx_hal_rcc.o
 .debug_abbrev  0x000000000000148b      0x26e ./Drivers/STM32F4xx_HAL_Driver/Src/stm32f4xx_hal_spi.o
 .debug_abbrev  0x00000000000016f9      0x25d ./Drivers/STM32F4xx_HAL_Driver/Src/stm32f4xx_hal_tim.o
 .debug_abbrev  0x0000000000001956      0x265 ./Drivers/STM32F4xx_HAL_Driver/Src/stm32f4xx_hal_tim_ex.o
 .debug_abbrev  0x0000000000001bbb      0x2f4 ./Drivers/STM32F4xx_HAL_Driver/Src/stm32f4xx_hal_uart.o

.debug_aranges  0x0000000000000000     0x1140
 .debug_aranges
                0x0000000000000000       0x90 ./Core/Src/main.o
 .debug_aranges
                0x0000000000000090       0x88 ./Core/Src/stm32f4xx_hal_msp.o
 .debug_aranges
                0x0000000000000118       0x60 ./Core/Src/stm32f4xx_it.o
 .debug_aranges
                0x0000000000000178       0x28 ./Core/Src/system_stm32f4xx.o
 .debug_aranges
                0x00000000000001a0       0x28 ./Core/Startup/startup_stm32f405rgtx.o
 .debug_aranges
                0x00000000000001c8       0xf0 ./Drivers/STM32F4xx_HAL_Driver/Src/stm32f4xx_hal.o
 .debug_aranges
                0x00000000000002b8       0xe8 ./Drivers/STM32F4xx_HAL_Driver/Src/stm32f4xx_hal_adc.o
 .debug_aranges
                0x00000000000003a0      0x118 ./Drivers/STM32F4xx_HAL_Driver/Src/stm32f4xx_hal_cortex.o
 .debug_aranges
                0x00000000000004b8       0x58 ./Drivers/STM32F4xx_HAL_Driver/Src/stm32f4xx_hal_gpio.o
 .debug_aranges
                0x0000000000000510      0x2a0 ./Drivers/STM32F4xx_HAL_Driver/Src/stm32f4xx_hal_i2c.o
 .debug_aranges
                0x00000000000007b0       0x88 ./Drivers/STM32F4xx_HAL_Driver/Src/stm32f4xx_hal_rcc.o
 .debug_aranges
                0x0000000000000838      0x1d0 ./Drivers/STM32F4xx_HAL_Driver/Src/stm32f4xx_hal_spi.o
 .debug_aranges
                0x0000000000000a08      0x3d0 ./Drivers/STM32F4xx_HAL_Driver/Src/stm32f4xx_hal_tim.o
 .debug_aranges
                0x0000000000000dd8      0x168 ./Drivers/STM32F4xx_HAL_Driver/Src/stm32f4xx_hal_tim_ex.o
 .debug_aranges
                0x0000000000000f40      0x200 ./Drivers/STM32F4xx_HAL_Driver/Src/stm32f4xx_hal_uart.o

.debug_ranges   0x0000000000000000     0x10a0
 .debug_ranges  0x0000000000000000       0x80 ./Core/Src/main.o
 .debug_ranges  0x0000000000000080       0x78 ./Core/Src/stm32f4xx_hal_msp.o
 .debug_ranges  0x00000000000000f8       0x50 ./Core/Src/stm32f4xx_it.o
 .debug_ranges  0x0000000000000148       0x18 ./Core/Src/system_stm32f4xx.o
 .debug_ranges  0x0000000000000160       0x20 ./Core/Startup/startup_stm32f405rgtx.o
 .debug_ranges  0x0000000000000180       0xe0 ./Drivers/STM32F4xx_HAL_Driver/Src/stm32f4xx_hal.o
 .debug_ranges  0x0000000000000260       0xd8 ./Drivers/STM32F4xx_HAL_Driver/Src/stm32f4xx_hal_adc.o
 .debug_ranges  0x0000000000000338      0x108 ./Drivers/STM32F4xx_HAL_Driver/Src/stm32f4xx_hal_cortex.o
 .debug_ranges  0x0000000000000440       0x48 ./Drivers/STM32F4xx_HAL_Driver/Src/stm32f4xx_hal_gpio.o
 .debug_ranges  0x0000000000000488      0x2a8 ./Drivers/STM32F4xx_HAL_Driver/Src/stm32f4xx_hal_i2c.o
 .debug_ranges  0x0000000000000730       0x78 ./Drivers/STM32F4xx_HAL_Driver/Src/stm32f4xx_hal_rcc.o
 .debug_ranges  0x00000000000007a8      0x1c0 ./Drivers/STM32F4xx_HAL_Driver/Src/stm32f4xx_hal_spi.o
 .debug_ranges  0x0000000000000968      0x3c0 ./Drivers/STM32F4xx_HAL_Driver/Src/stm32f4xx_hal_tim.o
 .debug_ranges  0x0000000000000d28      0x158 ./Drivers/STM32F4xx_HAL_Driver/Src/stm32f4xx_hal_tim_ex.o
 .debug_ranges  0x0000000000000e80      0x220 ./Drivers/STM32F4xx_HAL_Driver/Src/stm32f4xx_hal_uart.o

.debug_macro    0x0000000000000000    0x203f8
 .debug_macro   0x0000000000000000      0x229 ./Core/Src/main.o
 .debug_macro   0x0000000000000229      0xa78 ./Core/Src/main.o
 .debug_macro   0x0000000000000ca1      0x2ad ./Core/Src/main.o
 .debug_macro   0x0000000000000f4e       0x2e ./Core/Src/main.o
 .debug_macro   0x0000000000000f7c       0x2f ./Core/Src/main.o
 .debug_macro   0x0000000000000fab       0x22 ./Core/Src/main.o
 .debug_macro   0x0000000000000fcd       0x8e ./Core/Src/main.o
 .debug_macro   0x000000000000105b       0x51 ./Core/Src/main.o
 .debug_macro   0x00000000000010ac      0x103 ./Core/Src/main.o
 .debug_macro   0x00000000000011af       0x6a ./Core/Src/main.o
 .debug_macro   0x0000000000001219      0x1df ./Core/Src/main.o
 .debug_macro   0x00000000000013f8       0x1c ./Core/Src/main.o
 .debug_macro   0x0000000000001414       0x22 ./Core/Src/main.o
 .debug_macro   0x0000000000001436       0xd9 ./Core/Src/main.o
 .debug_macro   0x000000000000150f     0x102d ./Core/Src/main.o
 .debug_macro   0x000000000000253c      0x11f ./Core/Src/main.o
 .debug_macro   0x000000000000265b    0x1426d ./Core/Src/main.o
 .debug_macro   0x00000000000168c8       0x6d ./Core/Src/main.o
 .debug_macro   0x0000000000016935     0x367e ./Core/Src/main.o
 .debug_macro   0x0000000000019fb3      0x174 ./Core/Src/main.o
 .debug_macro   0x000000000001a127       0x5c ./Core/Src/main.o
 .debug_macro   0x000000000001a183      0x8a7 ./Core/Src/main.o
 .debug_macro   0x000000000001aa2a      0x9fe ./Core/Src/main.o
 .debug_macro   0x000000000001b428      0x115 ./Core/Src/main.o
 .debug_macro   0x000000000001b53d      0x130 ./Core/Src/main.o
 .debug_macro   0x000000000001b66d       0xa5 ./Core/Src/main.o
 .debug_macro   0x000000000001b712      0x174 ./Core/Src/main.o
 .debug_macro   0x000000000001b886      0x287 ./Core/Src/main.o
 .debug_macro   0x000000000001bb0d       0x5f ./Core/Src/main.o
 .debug_macro   0x000000000001bb6c      0x236 ./Core/Src/main.o
 .debug_macro   0x000000000001bda2      0xb5b ./Core/Src/main.o
 .debug_macro   0x000000000001c8fd      0x38b ./Core/Src/main.o
 .debug_macro   0x000000000001cc88      0x176 ./Core/Src/main.o
 .debug_macro   0x000000000001cdfe       0xf9 ./Core/Src/main.o
 .debug_macro   0x000000000001cef7      0x12c ./Core/Src/main.o
 .debug_macro   0x000000000001d023      0x21e ./Core/Src/main.o
 .debug_macro   0x000000000001d241       0x2e ./Core/Src/main.o
 .debug_macro   0x000000000001d26f      0x1b5 ./Core/Src/main.o
 .debug_macro   0x000000000001d424       0xd6 ./Core/Src/main.o
 .debug_macro   0x000000000001d4fa      0x11a ./Core/Src/main.o
 .debug_macro   0x000000000001d614       0x7e ./Core/Src/main.o
 .debug_macro   0x000000000001d692       0x89 ./Core/Src/main.o
 .debug_macro   0x000000000001d71b      0x225 ./Core/Src/main.o
 .debug_macro   0x000000000001d940      0x8e6 ./Core/Src/main.o
 .debug_macro   0x000000000001e226       0x47 ./Core/Src/main.o
 .debug_macro   0x000000000001e26d      0x295 ./Core/Src/main.o
 .debug_macro   0x000000000001e502      0x12d ./Core/Src/main.o
 .debug_macro   0x000000000001e62f      0x16c ./Core/Src/main.o
 .debug_macro   0x000000000001e79b      0x229 ./Core/Src/stm32f4xx_hal_msp.o
 .debug_macro   0x000000000001e9c4      0x233 ./Core/Src/stm32f4xx_it.o
 .debug_macro   0x000000000001ebf7      0x21a ./Core/Src/system_stm32f4xx.o
 .debug_macro   0x000000000001ee11      0x27a ./Drivers/STM32F4xx_HAL_Driver/Src/stm32f4xx_hal.o
 .debug_macro   0x000000000001f08b      0x21b ./Drivers/STM32F4xx_HAL_Driver/Src/stm32f4xx_hal_adc.o
 .debug_macro   0x000000000001f2a6      0x21a ./Drivers/STM32F4xx_HAL_Driver/Src/stm32f4xx_hal_cortex.o
 .debug_macro   0x000000000001f4c0      0x220 ./Drivers/STM32F4xx_HAL_Driver/Src/stm32f4xx_hal_gpio.o
 .debug_macro   0x000000000001f6e0      0x261 ./Drivers/STM32F4xx_HAL_Driver/Src/stm32f4xx_hal_i2c.o
 .debug_macro   0x000000000001f941      0x23e ./Drivers/STM32F4xx_HAL_Driver/Src/stm32f4xx_hal_rcc.o
 .debug_macro   0x000000000001fb7f      0x229 ./Drivers/STM32F4xx_HAL_Driver/Src/stm32f4xx_hal_spi.o
 .debug_macro   0x000000000001fda8      0x21b ./Drivers/STM32F4xx_HAL_Driver/Src/stm32f4xx_hal_tim.o
 .debug_macro   0x000000000001ffc3      0x21a ./Drivers/STM32F4xx_HAL_Driver/Src/stm32f4xx_hal_tim_ex.o
 .debug_macro   0x00000000000201dd      0x21b ./Drivers/STM32F4xx_HAL_Driver/Src/stm32f4xx_hal_uart.o

.debug_line     0x0000000000000000    0x13daa
 .debug_line    0x0000000000000000      0xc97 ./Core/Src/main.o
 .debug_line    0x0000000000000c97      0xa76 ./Core/Src/stm32f4xx_hal_msp.o
 .debug_line    0x000000000000170d      0x815 ./Core/Src/stm32f4xx_it.o
 .debug_line    0x0000000000001f22      0x7d4 ./Core/Src/system_stm32f4xx.o
 .debug_line    0x00000000000026f6       0x88 ./Core/Startup/startup_stm32f405rgtx.o
 .debug_line    0x000000000000277e      0xa3a ./Drivers/STM32F4xx_HAL_Driver/Src/stm32f4xx_hal.o
 .debug_line    0x00000000000031b8     0x12b0 ./Drivers/STM32F4xx_HAL_Driver/Src/stm32f4xx_hal_adc.o
 .debug_line    0x0000000000004468      0xce9 ./Drivers/STM32F4xx_HAL_Driver/Src/stm32f4xx_hal_cortex.o
 .debug_line    0x0000000000005151      0xbae ./Drivers/STM32F4xx_HAL_Driver/Src/stm32f4xx_hal_gpio.o
 .debug_line    0x0000000000005cff     0x39ef ./Drivers/STM32F4xx_HAL_Driver/Src/stm32f4xx_hal_i2c.o
 .debug_line    0x00000000000096ee      0xdb4 ./Drivers/STM32F4xx_HAL_Driver/Src/stm32f4xx_hal_rcc.o
 .debug_line    0x000000000000a4a2     0x1cc4 ./Drivers/STM32F4xx_HAL_Driver/Src/stm32f4xx_hal_spi.o
 .debug_line    0x000000000000c166     0x372e ./Drivers/STM32F4xx_HAL_Driver/Src/stm32f4xx_hal_tim.o
 .debug_line    0x000000000000f894     0x1a37 ./Drivers/STM32F4xx_HAL_Driver/Src/stm32f4xx_hal_tim_ex.o
 .debug_line    0x00000000000112cb     0x2adf ./Drivers/STM32F4xx_HAL_Driver/Src/stm32f4xx_hal_uart.o

.debug_str      0x0000000000000000    0xcd180
 .debug_str     0x0000000000000000    0xc935c ./Core/Src/main.o
                                      0xc974f (size before relaxing)
 .debug_str     0x00000000000c935c      0x146 ./Core/Src/stm32f4xx_hal_msp.o
                                      0xc9253 (size before relaxing)
 .debug_str     0x00000000000c94a2       0xc9 ./Core/Src/stm32f4xx_it.o
                                      0xc8398 (size before relaxing)
 .debug_str     0x00000000000c956b       0xdb ./Core/Src/system_stm32f4xx.o
                                      0xc7eb6 (size before relaxing)
 .debug_str     0x00000000000c9646       0x36 ./Core/Startup/startup_stm32f405rgtx.o
                                         0x7b (size before relaxing)
 .debug_str     0x00000000000c967c      0xad0 ./Drivers/STM32F4xx_HAL_Driver/Src/stm32f4xx_hal.o
                                      0xc8a19 (size before relaxing)
 .debug_str     0x00000000000ca14c      0x2cb ./Drivers/STM32F4xx_HAL_Driver/Src/stm32f4xx_hal_adc.o
                                      0xc84a3 (size before relaxing)
 .debug_str     0x00000000000ca417      0x34d ./Drivers/STM32F4xx_HAL_Driver/Src/stm32f4xx_hal_cortex.o
                                      0xc874c (size before relaxing)
 .debug_str     0x00000000000ca764      0x10e ./Drivers/STM32F4xx_HAL_Driver/Src/stm32f4xx_hal_gpio.o
                                      0xc8031 (size before relaxing)
 .debug_str     0x00000000000ca872      0xae9 ./Drivers/STM32F4xx_HAL_Driver/Src/stm32f4xx_hal_i2c.o
                                      0xc8e81 (size before relaxing)
 .debug_str     0x00000000000cb35b      0x213 ./Drivers/STM32F4xx_HAL_Driver/Src/stm32f4xx_hal_rcc.o
                                      0xc82ea (size before relaxing)
 .debug_str     0x00000000000cb56e      0x552 ./Drivers/STM32F4xx_HAL_Driver/Src/stm32f4xx_hal_spi.o
                                      0xc877a (size before relaxing)
 .debug_str     0x00000000000cbac0      0xcf1 ./Drivers/STM32F4xx_HAL_Driver/Src/stm32f4xx_hal_tim.o
                                      0xc9230 (size before relaxing)
 .debug_str     0x00000000000cc7b1      0x3e1 ./Drivers/STM32F4xx_HAL_Driver/Src/stm32f4xx_hal_tim_ex.o
                                      0xc8a4c (size before relaxing)
 .debug_str     0x00000000000ccb92      0x5ee ./Drivers/STM32F4xx_HAL_Driver/Src/stm32f4xx_hal_uart.o
                                      0xc8889 (size before relaxing)

.comment        0x0000000000000000       0x50
 .comment       0x0000000000000000       0x50 ./Core/Src/main.o
                                         0x51 (size before relaxing)
 .comment       0x0000000000000050       0x51 ./Core/Src/stm32f4xx_hal_msp.o
 .comment       0x0000000000000050       0x51 ./Core/Src/stm32f4xx_it.o
 .comment       0x0000000000000050       0x51 ./Core/Src/system_stm32f4xx.o
 .comment       0x0000000000000050       0x51 ./Drivers/STM32F4xx_HAL_Driver/Src/stm32f4xx_hal.o
 .comment       0x0000000000000050       0x51 ./Drivers/STM32F4xx_HAL_Driver/Src/stm32f4xx_hal_adc.o
 .comment       0x0000000000000050       0x51 ./Drivers/STM32F4xx_HAL_Driver/Src/stm32f4xx_hal_cortex.o
 .comment       0x0000000000000050       0x51 ./Drivers/STM32F4xx_HAL_Driver/Src/stm32f4xx_hal_gpio.o
 .comment       0x0000000000000050       0x51 ./Drivers/STM32F4xx_HAL_Driver/Src/stm32f4xx_hal_i2c.o
 .comment       0x0000000000000050       0x51 ./Drivers/STM32F4xx_HAL_Driver/Src/stm32f4xx_hal_rcc.o
 .comment       0x0000000000000050       0x51 ./Drivers/STM32F4xx_HAL_Driver/Src/stm32f4xx_hal_spi.o
 .comment       0x0000000000000050       0x51 ./Drivers/STM32F4xx_HAL_Driver/Src/stm32f4xx_hal_tim.o
 .comment       0x0000000000000050       0x51 ./Drivers/STM32F4xx_HAL_Driver/Src/stm32f4xx_hal_tim_ex.o
 .comment       0x0000000000000050       0x51 ./Drivers/STM32F4xx_HAL_Driver/Src/stm32f4xx_hal_uart.o

.debug_frame    0x0000000000000000     0x4b10
 .debug_frame   0x0000000000000000      0x204 ./Core/Src/main.o
 .debug_frame   0x0000000000000204      0x214 ./Core/Src/stm32f4xx_hal_msp.o
 .debug_frame   0x0000000000000418      0x104 ./Core/Src/stm32f4xx_it.o
 .debug_frame   0x000000000000051c       0x58 ./Core/Src/system_stm32f4xx.o
 .debug_frame   0x0000000000000574      0x374 ./Drivers/STM32F4xx_HAL_Driver/Src/stm32f4xx_hal.o
 .debug_frame   0x00000000000008e8      0x3fc ./Drivers/STM32F4xx_HAL_Driver/Src/stm32f4xx_hal_adc.o
 .debug_frame   0x0000000000000ce4      0x498 ./Drivers/STM32F4xx_HAL_Driver/Src/stm32f4xx_hal_cortex.o
 .debug_frame   0x000000000000117c      0x14c ./Drivers/STM32F4xx_HAL_Driver/Src/stm32f4xx_hal_gpio.o
 .debug_frame   0x00000000000012c8      0xc5c ./Drivers/STM32F4xx_HAL_Driver/Src/stm32f4xx_hal_i2c.o
 .debug_frame   0x0000000000001f24      0x1f4 ./Drivers/STM32F4xx_HAL_Driver/Src/stm32f4xx_hal_rcc.o
 .debug_frame   0x0000000000002118      0x824 ./Drivers/STM32F4xx_HAL_Driver/Src/stm32f4xx_hal_spi.o
 .debug_frame   0x000000000000293c     0x11c4 ./Drivers/STM32F4xx_HAL_Driver/Src/stm32f4xx_hal_tim.o
 .debug_frame   0x0000000000003b00      0x638 ./Drivers/STM32F4xx_HAL_Driver/Src/stm32f4xx_hal_tim_ex.o
 .debug_frame   0x0000000000004138      0x92c ./Drivers/STM32F4xx_HAL_Driver/Src/stm32f4xx_hal_uart.o
 .debug_frame   0x0000000000004a64       0x2c c:/st/stm32cubeide_1.12.1/stm32cubeide/plugins/com.st.stm32cube.ide.mcu.externaltools.gnu-tools-for-stm32.10.3-2021.10.win32_1.0.200.202301161003/tools/bin/../lib/gcc/arm-none-eabi/10.3.1/../../../../arm-none-eabi/lib/thumb/v7e-m+fp/hard\libc_nano.a(lib_a-init.o)
 .debug_frame   0x0000000000004a90       0x20 c:/st/stm32cubeide_1.12.1/stm32cubeide/plugins/com.st.stm32cube.ide.mcu.externaltools.gnu-tools-for-stm32.10.3-2021.10.win32_1.0.200.202301161003/tools/bin/../lib/gcc/arm-none-eabi/10.3.1/../../../../arm-none-eabi/lib/thumb/v7e-m+fp/hard\libc_nano.a(lib_a-memset.o)
 .debug_frame   0x0000000000004ab0       0x2c c:/st/stm32cubeide_1.12.1/stm32cubeide/plugins/com.st.stm32cube.ide.mcu.externaltools.gnu-tools-for-stm32.10.3-2021.10.win32_1.0.200.202301161003/tools/bin/../lib/gcc/arm-none-eabi/10.3.1/thumb/v7e-m+fp/hard\libgcc.a(_aeabi_uldivmod.o)
 .debug_frame   0x0000000000004adc       0x34 c:/st/stm32cubeide_1.12.1/stm32cubeide/plugins/com.st.stm32cube.ide.mcu.externaltools.gnu-tools-for-stm32.10.3-2021.10.win32_1.0.200.202301161003/tools/bin/../lib/gcc/arm-none-eabi/10.3.1/thumb/v7e-m+fp/hard\libgcc.a(_udivmoddi4.o)
