../Core/Src/main.c:90:5:main	16	static
../Core/Src/main.c:153:6:SystemClock_Config	88	static
../Core/Src/main.c:195:13:MX_ADC1_Init	24	static
../Core/Src/main.c:247:13:MX_ADC3_Init	24	static
../Core/Src/main.c:299:13:MX_I2C2_Init	8	static
../Core/Src/main.c:333:13:MX_SPI1_Init	8	static
../Core/Src/main.c:371:13:MX_TIM1_Init	96	static
../Core/Src/main.c:450:13:MX_TIM3_Init	64	static
../Core/Src/main.c:521:13:MX_TIM4_Init	32	static
../Core/Src/main.c:581:13:MX_TIM5_Init	32	static
../Core/Src/main.c:626:13:MX_TIM8_Init	96	static
../Core/Src/main.c:701:13:MX_TIM9_Init	56	static
../Core/Src/main.c:753:13:MX_UART4_Init	8	static
../Core/Src/main.c:786:13:MX_GPIO_Init	48	static
../Core/Src/main.c:852:6:Error_Handler	4	static,ignoring_inline_asm
